// Vitest Snapshot v1, https://vitest.dev/guide/snapshot.html

exports[`extractTokens on the fixture file > matches the snapshot (styles only) 1`] = `
[
  {
    "meta": {
      "confidence": "high",
      "figmaName": "Header / Desktop",
      "mapped": true,
      "origin": "scan",
      "reasons": [],
      "sourceKey": "scan:color:#ffffff",
      "usage": 3,
    },
    "name": "color-header-background",
    "source": {
      "fileKey": "K",
      "nodeId": "2:1",
      "nodeName": "Header / Desktop",
    },
    "type": "color",
    "value": "#ffffff",
  },
  {
    "meta": {
      "confidence": "low",
      "figmaName": "Link",
      "mapped": true,
      "origin": "scan",
      "reasons": [
        "Used only once and not saved as a Figma style or variable",
      ],
      "sourceKey": "scan:color:#8a0b4f",
      "usage": 1,
    },
    "name": "color-link",
    "source": {
      "fileKey": "K",
      "nodeId": "1:23",
      "nodeName": "Link",
    },
    "type": "color",
    "value": "#8a0b4f",
  },
  {
    "meta": {
      "confidence": "low",
      "figmaName": "One-off accent",
      "mapped": false,
      "origin": "scan",
      "reasons": [
        "Used only once and not saved as a Figma style or variable",
        "Name does not match a template token; rename it to use it in the CSS",
      ],
      "sourceKey": "scan:color:#009980",
      "usage": 1,
    },
    "name": "color-one-off-accent",
    "source": {
      "fileKey": "K",
      "nodeId": "1:14",
      "nodeName": "One-off accent",
    },
    "type": "color",
    "value": "#009980",
  },
  {
    "meta": {
      "confidence": "high",
      "figmaName": "Brand/Primary",
      "mapped": true,
      "origin": "style",
      "reasons": [],
      "sourceKey": "style:k-primary",
      "usage": 2,
    },
    "name": "color-primary",
    "source": {
      "fileKey": "K",
      "nodeId": "1:10",
      "nodeName": "Primary",
    },
    "type": "color",
    "value": "#8a0b4f",
  },
  {
    "meta": {
      "confidence": "high",
      "figmaName": "Brand/Primary Dark",
      "mapped": true,
      "origin": "style",
      "reasons": [],
      "sourceKey": "style:k-primary-dark",
      "usage": 1,
    },
    "name": "color-primary-hover",
    "source": {
      "fileKey": "K",
      "nodeId": "1:11",
      "nodeName": "Primary Dark",
    },
    "type": "color",
    "value": "#66083a",
  },
  {
    "meta": {
      "confidence": "high",
      "figmaName": "Neutral/Surface",
      "mapped": true,
      "origin": "style",
      "reasons": [],
      "sourceKey": "style:k-surface",
      "usage": 1,
    },
    "name": "color-surface",
    "source": {
      "fileKey": "K",
      "nodeId": "1:13",
      "nodeName": "Surface",
    },
    "type": "color",
    "value": "#f8f3f6",
  },
  {
    "meta": {
      "confidence": "high",
      "figmaName": "Neutral/Text",
      "mapped": true,
      "origin": "style",
      "reasons": [],
      "sourceKey": "style:k-text",
      "usage": 1,
    },
    "name": "color-text",
    "source": {
      "fileKey": "K",
      "nodeId": "1:12",
      "nodeName": "Text",
    },
    "type": "color",
    "value": "#1f2329",
  },
  {
    "meta": {
      "confidence": "high",
      "figmaName": "Body/Regular",
      "mapped": true,
      "origin": "style",
      "reasons": [],
      "sourceKey": "style:k-body:fontFamily",
      "usage": 1,
    },
    "name": "font-family-base",
    "source": {
      "fileKey": "K",
      "nodeId": "1:22",
      "nodeName": "Body",
    },
    "type": "fontFamily",
    "value": ""Inter", system-ui, -apple-system, "Segoe UI", "Roboto", "Helvetica Neue", arial, sans-serif",
  },
  {
    "meta": {
      "confidence": "high",
      "figmaName": "Heading/H1",
      "mapped": true,
      "origin": "style",
      "reasons": [],
      "sourceKey": "style:k-h1:fontFamily",
      "usage": 1,
    },
    "name": "font-family-heading",
    "source": {
      "fileKey": "K",
      "nodeId": "1:20",
      "nodeName": "H1",
    },
    "type": "fontFamily",
    "value": ""Inter", system-ui, -apple-system, "Segoe UI", "Roboto", "Helvetica Neue", arial, sans-serif",
  },
  {
    "meta": {
      "confidence": "high",
      "figmaName": "Body/Regular",
      "mapped": true,
      "origin": "style",
      "reasons": [],
      "sourceKey": "style:k-body:fontSize",
      "usage": 1,
    },
    "name": "font-size-base",
    "source": {
      "fileKey": "K",
      "nodeId": "1:22",
      "nodeName": "Body",
    },
    "type": "fontSize",
    "value": "1rem",
  },
  {
    "meta": {
      "confidence": "high",
      "figmaName": "Heading/H1",
      "mapped": true,
      "origin": "style",
      "reasons": [],
      "sourceKey": "style:k-h1:fontSize",
      "usage": 1,
    },
    "name": "font-size-h1",
    "source": {
      "fileKey": "K",
      "nodeId": "1:20",
      "nodeName": "H1",
    },
    "type": "fontSize",
    "value": "2.5rem",
  },
  {
    "meta": {
      "confidence": "high",
      "figmaName": "Heading/H2",
      "mapped": true,
      "origin": "style",
      "reasons": [],
      "sourceKey": "style:k-h2:fontSize",
      "usage": 1,
    },
    "name": "font-size-h2",
    "source": {
      "fileKey": "K",
      "nodeId": "1:21",
      "nodeName": "H2",
    },
    "type": "fontSize",
    "value": "2rem",
  },
  {
    "meta": {
      "confidence": "high",
      "figmaName": "Heading/H1",
      "mapped": true,
      "origin": "style",
      "reasons": [],
      "sourceKey": "style:k-h1:fontWeight",
      "usage": 1,
    },
    "name": "font-weight-bold",
    "source": {
      "fileKey": "K",
      "nodeId": "1:20",
      "nodeName": "H1",
    },
    "type": "fontWeight",
    "value": "700",
  },
  {
    "meta": {
      "confidence": "high",
      "figmaName": "Body/Regular",
      "mapped": true,
      "origin": "style",
      "reasons": [],
      "sourceKey": "style:k-body:fontWeight",
      "usage": 1,
    },
    "name": "font-weight-regular",
    "source": {
      "fileKey": "K",
      "nodeId": "1:22",
      "nodeName": "Body",
    },
    "type": "fontWeight",
    "value": "400",
  },
  {
    "meta": {
      "confidence": "high",
      "figmaName": "Body/Regular",
      "mapped": true,
      "origin": "style",
      "reasons": [],
      "sourceKey": "style:k-body:lineHeight",
      "usage": 1,
    },
    "name": "line-height-body",
    "source": {
      "fileKey": "K",
      "nodeId": "1:22",
      "nodeName": "Body",
    },
    "type": "lineHeight",
    "value": "1.5",
  },
  {
    "meta": {
      "confidence": "high",
      "figmaName": "Heading/H1",
      "mapped": true,
      "origin": "style",
      "reasons": [],
      "sourceKey": "style:k-h1:lineHeight",
      "usage": 1,
    },
    "name": "line-height-heading",
    "source": {
      "fileKey": "K",
      "nodeId": "1:20",
      "nodeName": "H1",
    },
    "type": "lineHeight",
    "value": "1.2",
  },
  {
    "meta": {
      "confidence": "high",
      "figmaName": "Heading/H1",
      "mapped": true,
      "origin": "style",
      "reasons": [],
      "sourceKey": "style:k-h1:letterSpacing",
      "usage": 1,
    },
    "name": "letter-spacing-heading",
    "source": {
      "fileKey": "K",
      "nodeId": "1:20",
      "nodeName": "H1",
    },
    "type": "letterSpacing",
    "value": "-0.01em",
  },
  {
    "meta": {
      "confidence": "high",
      "figmaName": "Auto layout gap/padding 8px",
      "mapped": true,
      "origin": "scan",
      "reasons": [],
      "sourceKey": "scan:spacing:8",
      "usage": 1,
    },
    "name": "space-2",
    "source": {
      "fileKey": "K",
      "nodeId": "3:10",
      "nodeName": "Button / Primary",
    },
    "type": "spacing",
    "value": "0.5rem",
  },
  {
    "meta": {
      "confidence": "high",
      "figmaName": "Auto layout gap/padding 12px",
      "mapped": true,
      "origin": "scan",
      "reasons": [],
      "sourceKey": "scan:spacing:12",
      "usage": 6,
    },
    "name": "space-3",
    "source": {
      "fileKey": "K",
      "nodeId": "2:2",
      "nodeName": "Header / Mobile",
    },
    "type": "spacing",
    "value": "0.75rem",
  },
  {
    "meta": {
      "confidence": "high",
      "figmaName": "Auto layout gap/padding 16px",
      "mapped": true,
      "origin": "scan",
      "reasons": [],
      "sourceKey": "scan:spacing:16",
      "usage": 5,
    },
    "name": "space-4",
    "source": {
      "fileKey": "K",
      "nodeId": "2:1",
      "nodeName": "Header / Desktop",
    },
    "type": "spacing",
    "value": "1rem",
  },
  {
    "meta": {
      "confidence": "high",
      "figmaName": "Auto layout gap/padding 24px",
      "mapped": true,
      "origin": "scan",
      "reasons": [],
      "sourceKey": "scan:spacing:24",
      "usage": 5,
    },
    "name": "space-5",
    "source": {
      "fileKey": "K",
      "nodeId": "2:11",
      "nodeName": "Nav",
    },
    "type": "spacing",
    "value": "1.5rem",
  },
  {
    "meta": {
      "confidence": "high",
      "figmaName": "Auto layout gap/padding 32px",
      "mapped": true,
      "origin": "scan",
      "reasons": [],
      "sourceKey": "scan:spacing:32",
      "usage": 3,
    },
    "name": "space-6",
    "source": {
      "fileKey": "K",
      "nodeId": "2:1",
      "nodeName": "Header / Desktop",
    },
    "type": "spacing",
    "value": "2rem",
  },
  {
    "meta": {
      "confidence": "high",
      "figmaName": "Corner radius 999px",
      "mapped": true,
      "origin": "scan",
      "reasons": [],
      "sourceKey": "scan:radius:radius-pill",
      "usage": 2,
    },
    "name": "radius-pill",
    "source": {
      "fileKey": "K",
      "nodeId": "3:10",
      "nodeName": "Button / Primary",
    },
    "type": "radius",
    "value": "999px",
  },
  {
    "meta": {
      "confidence": "high",
      "figmaName": "Stroke 2px",
      "mapped": true,
      "origin": "scan",
      "reasons": [],
      "sourceKey": "scan:border-width",
      "usage": 1,
    },
    "name": "border-width",
    "source": {
      "fileKey": "K",
      "nodeId": "3:20",
      "nodeName": "Button / Secondary",
    },
    "type": "border",
    "value": "2px",
  },
  {
    "meta": {
      "confidence": "low",
      "figmaName": "Header / Desktop",
      "mapped": true,
      "origin": "scan",
      "reasons": [
        "Used only once and not saved as a Figma effect style",
      ],
      "sourceKey": "scan:shadow:0 1px 2px rgb(0 0 0 / 8%)",
      "usage": 1,
    },
    "name": "shadow-sm",
    "source": {
      "fileKey": "K",
      "nodeId": "2:1",
      "nodeName": "Header / Desktop",
    },
    "type": "shadow",
    "value": "0 1px 2px rgb(0 0 0 / 8%)",
  },
]
`;
